Archive member included to satisfy reference by file (symbol)

C:/ST/STM32CubeIDE_1.19.0/STM32CubeIDE/plugins/com.st.stm32cube.ide.mcu.externaltools.gnu-tools-for-stm32.13.3.rel1.win32_1.0.0.202411081344/tools/bin/../lib/gcc/arm-none-eabi/13.3.1/../../../../arm-none-eabi/lib/thumb/v7e-m+fp/hard\libc_nano.a(libc_a-exit.o)
                              C:/ST/STM32CubeIDE_1.19.0/STM32CubeIDE/plugins/com.st.stm32cube.ide.mcu.externaltools.gnu-tools-for-stm32.13.3.rel1.win32_1.0.0.202411081344/tools/bin/../lib/gcc/arm-none-eabi/13.3.1/../../../../arm-none-eabi/lib/thumb/v7e-m+fp/hard/crt0.o (exit)
C:/ST/STM32CubeIDE_1.19.0/STM32CubeIDE/plugins/com.st.stm32cube.ide.mcu.externaltools.gnu-tools-for-stm32.13.3.rel1.win32_1.0.0.202411081344/tools/bin/../lib/gcc/arm-none-eabi/13.3.1/../../../../arm-none-eabi/lib/thumb/v7e-m+fp/hard\libc_nano.a(libc_a-findfp.o)
                              C:/ST/STM32CubeIDE_1.19.0/STM32CubeIDE/plugins/com.st.stm32cube.ide.mcu.externaltools.gnu-tools-for-stm32.13.3.rel1.win32_1.0.0.202411081344/tools/bin/../lib/gcc/arm-none-eabi/13.3.1/../../../../arm-none-eabi/lib/thumb/v7e-m+fp/hard\libc_nano.a(libc_a-exit.o) (__stdio_exit_handler)
C:/ST/STM32CubeIDE_1.19.0/STM32CubeIDE/plugins/com.st.stm32cube.ide.mcu.externaltools.gnu-tools-for-stm32.13.3.rel1.win32_1.0.0.202411081344/tools/bin/../lib/gcc/arm-none-eabi/13.3.1/../../../../arm-none-eabi/lib/thumb/v7e-m+fp/hard\libc_nano.a(libc_a-fwalk.o)
                              C:/ST/STM32CubeIDE_1.19.0/STM32CubeIDE/plugins/com.st.stm32cube.ide.mcu.externaltools.gnu-tools-for-stm32.13.3.rel1.win32_1.0.0.202411081344/tools/bin/../lib/gcc/arm-none-eabi/13.3.1/../../../../arm-none-eabi/lib/thumb/v7e-m+fp/hard\libc_nano.a(libc_a-findfp.o) (_fwalk_sglue)
C:/ST/STM32CubeIDE_1.19.0/STM32CubeIDE/plugins/com.st.stm32cube.ide.mcu.externaltools.gnu-tools-for-stm32.13.3.rel1.win32_1.0.0.202411081344/tools/bin/../lib/gcc/arm-none-eabi/13.3.1/../../../../arm-none-eabi/lib/thumb/v7e-m+fp/hard\libc_nano.a(libc_a-stdio.o)
                              C:/ST/STM32CubeIDE_1.19.0/STM32CubeIDE/plugins/com.st.stm32cube.ide.mcu.externaltools.gnu-tools-for-stm32.13.3.rel1.win32_1.0.0.202411081344/tools/bin/../lib/gcc/arm-none-eabi/13.3.1/../../../../arm-none-eabi/lib/thumb/v7e-m+fp/hard\libc_nano.a(libc_a-findfp.o) (__sread)
C:/ST/STM32CubeIDE_1.19.0/STM32CubeIDE/plugins/com.st.stm32cube.ide.mcu.externaltools.gnu-tools-for-stm32.13.3.rel1.win32_1.0.0.202411081344/tools/bin/../lib/gcc/arm-none-eabi/13.3.1/../../../../arm-none-eabi/lib/thumb/v7e-m+fp/hard\libc_nano.a(libc_a-memset.o)
                              C:/ST/STM32CubeIDE_1.19.0/STM32CubeIDE/plugins/com.st.stm32cube.ide.mcu.externaltools.gnu-tools-for-stm32.13.3.rel1.win32_1.0.0.202411081344/tools/bin/../lib/gcc/arm-none-eabi/13.3.1/../../../../arm-none-eabi/lib/thumb/v7e-m+fp/hard/crt0.o (memset)
C:/ST/STM32CubeIDE_1.19.0/STM32CubeIDE/plugins/com.st.stm32cube.ide.mcu.externaltools.gnu-tools-for-stm32.13.3.rel1.win32_1.0.0.202411081344/tools/bin/../lib/gcc/arm-none-eabi/13.3.1/../../../../arm-none-eabi/lib/thumb/v7e-m+fp/hard\libc_nano.a(libc_a-closer.o)
                              C:/ST/STM32CubeIDE_1.19.0/STM32CubeIDE/plugins/com.st.stm32cube.ide.mcu.externaltools.gnu-tools-for-stm32.13.3.rel1.win32_1.0.0.202411081344/tools/bin/../lib/gcc/arm-none-eabi/13.3.1/../../../../arm-none-eabi/lib/thumb/v7e-m+fp/hard\libc_nano.a(libc_a-stdio.o) (_close_r)
C:/ST/STM32CubeIDE_1.19.0/STM32CubeIDE/plugins/com.st.stm32cube.ide.mcu.externaltools.gnu-tools-for-stm32.13.3.rel1.win32_1.0.0.202411081344/tools/bin/../lib/gcc/arm-none-eabi/13.3.1/../../../../arm-none-eabi/lib/thumb/v7e-m+fp/hard\libc_nano.a(libc_a-reent.o)
                              C:/ST/STM32CubeIDE_1.19.0/STM32CubeIDE/plugins/com.st.stm32cube.ide.mcu.externaltools.gnu-tools-for-stm32.13.3.rel1.win32_1.0.0.202411081344/tools/bin/../lib/gcc/arm-none-eabi/13.3.1/../../../../arm-none-eabi/lib/thumb/v7e-m+fp/hard\libc_nano.a(libc_a-closer.o) (errno)
C:/ST/STM32CubeIDE_1.19.0/STM32CubeIDE/plugins/com.st.stm32cube.ide.mcu.externaltools.gnu-tools-for-stm32.13.3.rel1.win32_1.0.0.202411081344/tools/bin/../lib/gcc/arm-none-eabi/13.3.1/../../../../arm-none-eabi/lib/thumb/v7e-m+fp/hard\libc_nano.a(libc_a-impure.o)
                              C:/ST/STM32CubeIDE_1.19.0/STM32CubeIDE/plugins/com.st.stm32cube.ide.mcu.externaltools.gnu-tools-for-stm32.13.3.rel1.win32_1.0.0.202411081344/tools/bin/../lib/gcc/arm-none-eabi/13.3.1/../../../../arm-none-eabi/lib/thumb/v7e-m+fp/hard\libc_nano.a(libc_a-reent.o) (_impure_ptr)
C:/ST/STM32CubeIDE_1.19.0/STM32CubeIDE/plugins/com.st.stm32cube.ide.mcu.externaltools.gnu-tools-for-stm32.13.3.rel1.win32_1.0.0.202411081344/tools/bin/../lib/gcc/arm-none-eabi/13.3.1/../../../../arm-none-eabi/lib/thumb/v7e-m+fp/hard\libc_nano.a(libc_a-lseekr.o)
[...]
Memory Configuration

Name             Origin             Length             Attributes
CCMRAM           0x10000000         0x00010000         xrw
RAM              0x20000000         0x00020000         xrw
FLASH            0x08000000         0x00100000         xr
*default*        0x00000000         0xffffffff

Linker script and memory map

LOAD C:/ST/STM32CubeIDE_1.19.0/STM32CubeIDE/plugins/com.st.stm32cube.ide.mcu.externaltools.gnu-tools-for-stm32.13.3.rel1.win32_1.0.0.202411081344/tools/bin/../lib/gcc/arm-none-eabi/13.3.1/thumb/v7e-m+fp/hard/crti.o
LOAD C:/ST/STM32CubeIDE_1.19.0/STM32CubeIDE/plugins/com.st.stm32cube.ide.mcu.externaltools.gnu-tools-for-stm32.13.3.rel1.win32_1.0.0.202411081344/tools/bin/../lib/gcc/arm-none-eabi/13.3.1/thumb/v7e-m+fp/hard/crtbegin.o
LOAD C:/ST/STM32CubeIDE_1.19.0/STM32CubeIDE/plugins/com.st.stm32cube.ide.mcu.externaltools.gnu-tools-for-stm32.13.3.rel1.win32_1.0.0.202411081344/tools/bin/../lib/gcc/arm-none-eabi/13.3.1/../../../../arm-none-eabi/lib/thumb/v7e-m+fp/hard/crt0.o
LOAD ./Core/Src/alg_pid.o
LOAD ./Core/Src/can.o
LOAD ./Core/Src/cfg_pid_params.o
LOAD ./Core/Src/dma.o
LOAD ./Core/Src/drv_can.o
LOAD ./Core/Src/drv_uart.o
LOAD ./Core/Src/dvc_motor.o
LOAD ./Core/Src/dvc_motor_config.o
LOAD ./Core/Src/dvc_serialplot.o
LOAD ./Core/Src/dvc_timebase.o
LOAD ./Core/Src/gpio.o
LOAD ./Core/Src/main.o
LOAD ./Core/Src/stm32f4xx_hal_msp.o
LOAD ./Core/Src/stm32f4xx_it.o
LOAD ./Core/Src/syscalls.o
LOAD ./Core/Src/sysmem.o
LOAD ./Core/Src/system_stm32f4xx.o
LOAD ./Core/Src/usart.o
LOAD ./Core/Startup/startup_stm32f407ighx.o
LOAD ./Drivers/STM32F4xx_HAL_Driver/Src/stm32f4xx_hal.o
LOAD ./Drivers/STM32F4xx_HAL_Driver/Src/stm32f4xx_hal_can.o
LOAD ./Drivers/STM32F4xx_HAL_Driver/Src/stm32f4xx_hal_cortex.o
LOAD ./Drivers/STM32F4xx_HAL_Driver/Src/stm32f4xx_hal_dma.o
LOAD ./Drivers/STM32F4xx_HAL_Driver/Src/stm32f4xx_hal_dma_ex.o
LOAD ./Drivers/STM32F4xx_HAL_Driver/Src/stm32f4xx_hal_exti.o
LOAD ./Drivers/STM32F4xx_HAL_Driver/Src/stm32f4xx_hal_flash.o
LOAD ./Drivers/STM32F4xx_HAL_Driver/Src/stm32f4xx_hal_flash_ex.o
LOAD ./Drivers/STM32F4xx_HAL_Driver/Src/stm32f4xx_hal_flash_ramfunc.o
LOAD ./Drivers/STM32F4xx_HAL_Driver/Src/stm32f4xx_hal_gpio.o
LOAD ./Drivers/STM32F4xx_HAL_Driver/Src/stm32f4xx_hal_pwr.o
LOAD ./Drivers/STM32F4xx_HAL_Driver/Src/stm32f4xx_hal_pwr_ex.o
LOAD ./Drivers/STM32F4xx_HAL_Driver/Src/stm32f4xx_hal_rcc.o
LOAD ./Drivers/STM32F4xx_HAL_Driver/Src/stm32f4xx_hal_rcc_ex.o
LOAD ./Drivers/STM32F4xx_HAL_Driver/Src/stm32f4xx_hal_uart.o
START GROUP
LOAD C:/ST/STM32CubeIDE_1.19.0/STM32CubeIDE/plugins/com.st.stm32cube.ide.mcu.externaltools.gnu-tools-for-stm32.13.3.rel1.win32_1.0.0.202411081344/tools/bin/../lib/gcc/arm-none-eabi/13.3.1/../../../../arm-none-eabi/lib/thumb/v7e-m+fp/hard\libc_nano.a
LOAD C:/ST/STM32CubeIDE_1.19.0/STM32CubeIDE/plugins/com.st.stm32cube.ide.mcu.externaltools.gnu-tools-for-stm32.13.3.rel1.win32_1.0.0.202411081344/tools/bin/../lib/gcc/arm-none-eabi/13.3.1/../../../../arm-none-eabi/lib/thumb/v7e-m+fp/hard\libm.a
END GROUP
START GROUP
LOAD C:/ST/STM32CubeIDE_1.19.0/STM32CubeIDE/plugins/com.st.stm32cube.ide.mcu.externaltools.gnu-tools-for-stm32.13.3.rel1.win32_1.0.0.202411081344/tools/bin/../lib/gcc/arm-none-eabi/13.3.1/thumb/v7e-m+fp/hard\libgcc.a
LOAD C:/ST/STM32CubeIDE_1.19.0/STM32CubeIDE/plugins/com.st.stm32cube.ide.mcu.externaltools.gnu-tools-for-stm32.13.3.rel1.win32_1.0.0.202411081344/tools/bin/../lib/gcc/arm-none-eabi/13.3.1/../../../../arm-none-eabi/lib/thumb/v7e-m+fp/hard\libc_nano.a
END GROUP
START GROUP
LOAD C:/ST/STM32CubeIDE_1.19.0/STM32CubeIDE/plugins/com.st.stm32cube.ide.mcu.externaltools.gnu-tools-for-stm32.13.3.rel1.win32_1.0.0.202411081344/tools/bin/../lib/gcc/arm-none-eabi/13.3.1/thumb/v7e-m+fp/hard\libgcc.a
LOAD C:/ST/STM32CubeIDE_1.19.0/STM32CubeIDE/plugins/com.st.stm32cube.ide.mcu.externaltools.gnu-tools-for-stm32.13.3.rel1.win32_1.0.0.202411081344/tools/bin/../lib/gcc/arm-none-eabi/13.3.1/../../../../arm-none-eabi/lib/thumb/v7e-m+fp/hard\libc_nano.a
LOAD C:/ST/STM32CubeIDE_1.19.0/STM32CubeIDE/plugins/com.st.stm32cube.ide.mcu.externaltools.gnu-tools-for-stm32.13.3.rel1.win32_1.0.0.202411081344/tools/bin/../lib/gcc/arm-none-eabi/13.3.1/../../../../arm-none-eabi/lib/thumb/v7e-m+fp/hard\libnosys.a
END GROUP
START GROUP
LOAD C:/ST/STM32CubeIDE_1.19.0/STM32CubeIDE/plugins/com.st.stm32cube.ide.mcu.externaltools.gnu-tools-for-stm32.13.3.rel1.win32_1.0.0.202411081344/tools/bin/../lib/gcc/arm-none-eabi/13.3.1/thumb/v7e-m+fp/hard\libgcc.a
LOAD C:/ST/STM32CubeIDE_1.19.0/STM32CubeIDE/plugins/com.st.stm32cube.ide.mcu.externaltools.gnu-tools-for-stm32.13.3.rel1.win32_1.0.0.202411081344/tools/bin/../lib/gcc/arm-none-eabi/13.3.1/../../../../arm-none-eabi/lib/thumb/v7e-m+fp/hard\libc_nano.a
LOAD C:/ST/STM32CubeIDE_1.19.0/STM32CubeIDE/plugins/com.st.stm32cube.ide.mcu.externaltools.gnu-tools-for-stm32.13.3.rel1.win32_1.0.0.202411081344/tools/bin/../lib/gcc/arm-none-eabi/13.3.1/../../../../arm-none-eabi/lib/thumb/v7e-m+fp/hard\libnosys.a
END GROUP
LOAD C:/ST/STM32CubeIDE_1.19.0/STM32CubeIDE/plugins/com.st.stm32cube.ide.mcu.externaltools.gnu-tools-for-stm32.13.3.rel1.win32_1.0.0.202411081344/tools/bin/../lib/gcc/arm-none-eabi/13.3.1/thumb/v7e-m+fp/hard/crtend.o
LOAD C:/ST/STM32CubeIDE_1.19.0/STM32CubeIDE/plugins/com.st.stm32cube.ide.mcu.externaltools.gnu-tools-for-stm32.13.3.rel1.win32_1.0.0.202411081344/tools/bin/../lib/gcc/arm-none-eabi/13.3.1/thumb/v7e-m+fp/hard/crtn.o
                0x20020000                        _estack = (ORIGIN (RAM) + LENGTH (RAM))
                0x00000200                        _Min_Heap_Size = 0x200
                0x00000400                        _Min_Stack_Size = 0x400

.isr_vector     0x08000000      0x188
                0x08000000                        . = ALIGN (0x4)
 *(.isr_vector)
 .isr_vector    0x08000000      0x188 ./Core/Startup/startup_stm32f407ighx.o
                0x08000000                g_pfnVectors
                0x08000188                        . = ALIGN (0x4)

.text           0x08000188     0x4998
                0x08000188                        . = ALIGN (0x4)
 *(.text)
 .text          0x08000188       0x40 C:/ST/STM32CubeIDE_1.19.0/STM32CubeIDE/plugins/com.st.stm32cube.ide.mcu.externaltools.gnu-tools-for-stm32.13.3.rel1.win32_1.0.0.202411081344/tools/bin/../lib/gcc/arm-none-eabi/13.3.1/thumb/v7e-m+fp/hard/crtbegin.o
 .text          0x080001c8       0x30 C:/ST/STM32CubeIDE_1.19.0/STM32CubeIDE/plugins/com.st.stm32cube.ide.mcu.externaltools.gnu-tools-for-stm32.13.3.rel1.win32_1.0.0.202411081344/tools/bin/../lib/gcc/arm-none-eabi/13.3.1/thumb/v7e-m+fp/hard\libgcc.a(_aeabi_uldivmod.o)
                0x080001c8                __aeabi_uldivmod
 .text          0x080001f8      0x2f8 C:/ST/STM32CubeIDE_1.19.0/STM32CubeIDE/plugins/com.st.stm32cube.ide.mcu.externaltools.gnu-tools-for-stm32.13.3.rel1.win32_1.0.0.202411081344/tools/bin/../lib/gcc/arm-none-eabi/13.3.1/thumb/v7e-m+fp/hard\libgcc.a(_udivmoddi4.o)
                0x080001f8                __udivmoddi4
 .text          0x080004f0        0x4 C:/ST/STM32CubeIDE_1.19.0/STM32CubeIDE/plugins/com.st.stm32cube.ide.mcu.externaltools.gnu-tools-for-stm32.13.3.rel1.win32_1.0.0.202411081344/tools/bin/../lib/gcc/arm-none-eabi/13.3.1/thumb/v7e-m+fp/hard\libgcc.a(_dvmd_tls.o)
                0x080004f0                __aeabi_idiv0
                0x080004f0                __aeabi_ldiv0
 *(.text*)
 .text.pid_init
                0x080004f4       0xcc ./Core/Src/alg_pid.o
                0x080004f4                pid_init
 .text.MX_CAN1_Init
                0x080005c0       0x6c ./Core/Src/can.o
                0x080005c0                MX_CAN1_Init
 .text.MX_CAN2_Init
                0x0800062c       0x6c ./Core/Src/can.o
                0x0800062c                MX_CAN2_Init
 .text.HAL_CAN_MspInit
                0x08000698      0x180 ./Core/Src/can.o
                0x08000698                HAL_CAN_MspInit
 .text.MX_DMA_Init
                0x08000818       0x50 ./Core/Src/dma.o
                0x08000818                MX_DMA_Init
 .text.Enable_CAN2
                0x08000868       0x80 ./Core/Src/drv_can.o
                0x08000868                Enable_CAN2
 .text.motor_index_from_id
                0x080008e8       0x70 ./Core/Src/drv_can.o
 .text.HAL_CAN_RxFifo0MsgPendingCallback
                0x08000958       0x60 ./Core/Src/drv_can.o
                0x08000958                HAL_CAN_RxFifo0MsgPendingCallback
 .text.HAL_UARTEx_RxEventCallback
                0x080009b8      0x140 ./Core/Src/drv_uart.o
                0x080009b8                HAL_UARTEx_RxEventCallback
 .text.allocate_tx_data
                0x08000af8       0x1a ./Core/Src/dvc_motor.o
 .text.Motor_Init
                0x08000b12       0x84 ./Core/Src/dvc_motor.o
                0x08000b12                Motor_Init
 *fill*         0x08000b96        0x2 
 .text.Motor_CAN_RxCpltCallback
                0x08000b98      0x150 ./Core/Src/dvc_motor.o
                0x08000b98                Motor_CAN_RxCpltCallback
 .text.Motors_Init
                0x08000ce8      0x2f0 ./Core/Src/dvc_motor_config.o
                0x08000ce8                Motors_Init
 .text.MX_GPIO_Init
                0x08000fd8       0xc0 ./Core/Src/gpio.o
                0x08000fd8                MX_GPIO_Init
 .text.main     0x08001098       0x2c ./Core/Src/main.o
                0x08001098                main
 .text.SystemClock_Config
                0x080010c4       0xd4 ./Core/Src/main.o
                0x080010c4                SystemClock_Config
 .text.Error_Handler
                0x08001198       0x2c ./Core/Src/main.o
                0x08001198                Error_Handler
 .text.HAL_MspInit
                0x080011c4       0x50 ./Core/Src/stm32f4xx_hal_msp.o
                0x080011c4                HAL_MspInit
 .text.NMI_Handler
                0x08001214        0x8 ./Core/Src/stm32f4xx_it.o
                0x08001214                NMI_Handler
 .text.HardFault_Handler
                0x0800121c        0x8 ./Core/Src/stm32f4xx_it.o
                0x0800121c                HardFault_Handler
 .text.MemManage_Handler
                0x08001224        0x8 ./Core/Src/stm32f4xx_it.o
                0x08001224                MemManage_Handler
 .text.BusFault_Handler
                0x0800122c        0x8 ./Core/Src/stm32f4xx_it.o
                0x0800122c                BusFault_Handler
 .text.UsageFault_Handler
                0x08001234        0x8 ./Core/Src/stm32f4xx_it.o
                0x08001234                UsageFault_Handler
 .text.SVC_Handler
                0x0800123c        0xe ./Core/Src/stm32f4xx_it.o
                0x0800123c                SVC_Handler
 .text.DebugMon_Handler
                0x0800124a        0xe ./Core/Src/stm32f4xx_it.o
                0x0800124a                DebugMon_Handler
 .text.PendSV_Handler
                0x08001258        0xe ./Core/Src/stm32f4xx_it.o
                0x08001258                PendSV_Handler
 .text.SysTick_Handler
                0x08001266        0xc ./Core/Src/stm32f4xx_it.o
                0x08001266                SysTick_Handler
 *fill*         0x08001272        0x2 
 .text.DMA1_Stream5_IRQHandler
                0x08001274       0x14 ./Core/Src/stm32f4xx_it.o
                0x08001274                DMA1_Stream5_IRQHandler
 .text.DMA1_Stream6_IRQHandler
                0x08001288       0x14 ./Core/Src/stm32f4xx_it.o
                0x08001288                DMA1_Stream6_IRQHandler
 .text.CAN1_RX0_IRQHandler
                0x0800129c       0x14 ./Core/Src/stm32f4xx_it.o
                0x0800129c                CAN1_RX0_IRQHandler
 .text.CAN1_RX1_IRQHandler
                0x080012b0       0x14 ./Core/Src/stm32f4xx_it.o
                0x080012b0                CAN1_RX1_IRQHandler
 .text.USART2_IRQHandler
                0x080012c4       0x14 ./Core/Src/stm32f4xx_it.o
                0x080012c4                USART2_IRQHandler
 .text.CAN2_RX0_IRQHandler
                0x080012d8       0x14 ./Core/Src/stm32f4xx_it.o
                0x080012d8                CAN2_RX0_IRQHandler
 .text.CAN2_RX1_IRQHandler
                0x080012ec       0x14 ./Core/Src/stm32f4xx_it.o
                0x080012ec                CAN2_RX1_IRQHandler
 .text.SystemInit
                0x08001300       0x24 ./Core/Src/system_stm32f4xx.o
                0x08001300                SystemInit
 .text.MX_USART2_UART_Init
                0x08001324       0x54 ./Core/Src/usart.o
                0x08001324                MX_USART2_UART_Init
 .text.HAL_UART_MspInit
                0x08001378      0x168 ./Core/Src/usart.o
                0x08001378                HAL_UART_MspInit
 .text.Reset_Handler
                0x080014e0       0x50 ./Core/Startup/startup_stm32f407ighx.o
                0x080014e0                Reset_Handler
 .text.Default_Handler
                0x08001530        0x2 ./Core/Startup/startup_stm32f407ighx.o
                0x08001530                RTC_Alarm_IRQHandler
                0x08001530                HASH_RNG_IRQHandler
                0x08001530                EXTI2_IRQHandler
                0x08001530                TIM8_CC_IRQHandler
                0x08001530                TIM1_CC_IRQHandler
                0x08001530                DMA2_Stream5_IRQHandler
                0x08001530                PVD_IRQHandler
                0x08001530                SDIO_IRQHandler
                0x08001530                TAMP_STAMP_IRQHandler
                0x08001530                EXTI3_IRQHandler
                0x08001530                TIM8_TRG_COM_TIM14_IRQHandler
                0x08001530                TIM1_UP_TIM10_IRQHandler
                0x08001530                TIM8_UP_TIM13_IRQHandler
                0x08001530                I2C3_ER_IRQHandler
                0x08001530                EXTI0_IRQHandler
                0x08001530                I2C2_EV_IRQHandler
                0x08001530                DMA1_Stream2_IRQHandler
                0x08001530                FPU_IRQHandler
                0x08001530                OTG_HS_WKUP_IRQHandler
                0x08001530                CAN2_SCE_IRQHandler
                0x08001530                DMA2_Stream2_IRQHandler
                0x08001530                SPI1_IRQHandler
                0x08001530                TIM6_DAC_IRQHandler
                0x08001530                TIM1_BRK_TIM9_IRQHandler
                0x08001530                DCMI_IRQHandler
                0x08001530                DMA2_Stream3_IRQHandler
                0x08001530                USART6_IRQHandler
                0x08001530                USART3_IRQHandler
                0x08001530                UART5_IRQHandler
                0x08001530                DMA2_Stream0_IRQHandler
                0x08001530                TIM4_IRQHandler
                0x08001530                I2C1_EV_IRQHandler
                0x08001530                DMA1_Stream1_IRQHandler
                0x08001530                UART4_IRQHandler
                0x08001530                TIM3_IRQHandler
                0x08001530                RCC_IRQHandler
                0x08001530                TIM8_BRK_TIM12_IRQHandler
                0x08001530                Default_Handler
                0x08001530                EXTI15_10_IRQHandler
                0x08001530                ADC_IRQHandler
                0x08001530                DMA1_Stream7_IRQHandler
                0x08001530                TIM7_IRQHandler
                0x08001530                CAN2_TX_IRQHandler
                0x08001530                TIM5_IRQHandler
                0x08001530                DMA2_Stream7_IRQHandler
                0x08001530                I2C3_EV_IRQHandler
                0x08001530                EXTI9_5_IRQHandler
                0x08001530                RTC_WKUP_IRQHandler
                0x08001530                ETH_WKUP_IRQHandler
                0x08001530                SPI2_IRQHandler
                0x08001530                OTG_HS_EP1_IN_IRQHandler
                0x08001530                DMA1_Stream0_IRQHandler
                0x08001530                CAN1_TX_IRQHandler
                0x08001530                EXTI4_IRQHandler
                0x08001530                FSMC_IRQHandler
                0x08001530                ETH_IRQHandler
                0x08001530                OTG_HS_EP1_OUT_IRQHandler
                0x08001530                WWDG_IRQHandler
                0x08001530                TIM2_IRQHandler
                0x08001530                OTG_FS_WKUP_IRQHandler
                0x08001530                TIM1_TRG_COM_TIM11_IRQHandler
                0x08001530                OTG_HS_IRQHandler
                0x08001530                EXTI1_IRQHandler
                0x08001530                I2C2_ER_IRQHandler
                0x08001530                DMA2_Stream1_IRQHandler
                0x08001530                CAN1_SCE_IRQHandler
                0x08001530                FLASH_IRQHandler
                0x08001530                DMA2_Stream4_IRQHandler
                0x08001530                USART1_IRQHandler
                0x08001530                OTG_FS_IRQHandler
                0x08001530                SPI3_IRQHandler
                0x08001530                DMA1_Stream4_IRQHandler
                0x08001530                I2C1_ER_IRQHandler
                0x08001530                DMA2_Stream6_IRQHandler
                0x08001530                DMA1_Stream3_IRQHandler
 *fill*         0x08001532        0x2 
 .text.HAL_Init
                0x08001534       0x44 ./Drivers/STM32F4xx_HAL_Driver/Src/stm32f4xx_hal.o
                0x08001534                HAL_Init
 .text.HAL_InitTick
                0x08001578       0x60 ./Drivers/STM32F4xx_HAL_Driver/Src/stm32f4xx_hal.o
                0x08001578                HAL_InitTick
 .text.HAL_IncTick
                0x080015d8       0x28 ./Drivers/STM32F4xx_HAL_Driver/Src/stm32f4xx_hal.o
                0x080015d8                HAL_IncTick
 .text.HAL_GetTick
                0x08001600       0x18 ./Drivers/STM32F4xx_HAL_Driver/Src/stm32f4xx_hal.o
                0x08001600                HAL_GetTick
 .text.HAL_Delay
                0x08001618       0x48 ./Drivers/STM32F4xx_HAL_Driver/Src/stm32f4xx_hal.o
                0x08001618                HAL_Delay
 .text.HAL_CAN_Init
                0x08001660      0x1f6 ./Drivers/STM32F4xx_HAL_Driver/Src/stm32f4xx_hal_can.o
                0x08001660                HAL_CAN_Init
 *fill*         0x08001856        0x2 
 .text.HAL_CAN_ConfigFilter
                0x08001858      0x1bc ./Drivers/STM32F4xx_HAL_Driver/Src/stm32f4xx_hal_can.o
                0x08001858                HAL_CAN_ConfigFilter
 .text.HAL_CAN_Start
                0x08001a14       0x88 ./Drivers/STM32F4xx_HAL_Driver/Src/stm32f4xx_hal_can.o
                0x08001a14                HAL_CAN_Start
 .text.HAL_CAN_GetRxMessage
                0x08001a9c      0x244 ./Drivers/STM32F4xx_HAL_Driver/Src/stm32f4xx_hal_can.o
                0x08001a9c                HAL_CAN_GetRxMessage
 .text.HAL_CAN_ActivateNotification
                0x08001ce0       0x4c ./Drivers/STM32F4xx_HAL_Driver/Src/stm32f4xx_hal_can.o
                0x08001ce0                HAL_CAN_ActivateNotification
 .text.HAL_CAN_IRQHandler
                0x08001d2c      0x36e ./Drivers/STM32F4xx_HAL_Driver/Src/stm32f4xx_hal_can.o
                0x08001d2c                HAL_CAN_IRQHandler
 .text.HAL_CAN_TxMailbox0CompleteCallback
                0x0800209a       0x14 ./Drivers/STM32F4xx_HAL_Driver/Src/stm32f4xx_hal_can.o
                0x0800209a                HAL_CAN_TxMailbox0CompleteCallback
 .text.HAL_CAN_TxMailbox1CompleteCallback
                0x080020ae       0x14 ./Drivers/STM32F4xx_HAL_Driver/Src/stm32f4xx_hal_can.o
                0x080020ae                HAL_CAN_TxMailbox1CompleteCallback
 .text.HAL_CAN_TxMailbox2CompleteCallback
                0x080020c2       0x14 ./Drivers/STM32F4xx_HAL_Driver/Src/stm32f4xx_hal_can.o
                0x080020c2                HAL_CAN_TxMailbox2CompleteCallback
 .text.HAL_CAN_TxMailbox0AbortCallback
                0x080020d6       0x14 ./Drivers/STM32F4xx_HAL_Driver/Src/stm32f4xx_hal_can.o
                0x080020d6                HAL_CAN_TxMailbox0AbortCallback
 .text.HAL_CAN_TxMailbox1AbortCallback
                0x080020ea       0x14 ./Drivers/STM32F4xx_HAL_Driver/Src/stm32f4xx_hal_can.o
                0x080020ea                HAL_CAN_TxMailbox1AbortCallback
 .text.HAL_CAN_TxMailbox2AbortCallback
                0x080020fe       0x14 ./Drivers/STM32F4xx_HAL_Driver/Src/stm32f4xx_hal_can.o
                0x080020fe                HAL_CAN_TxMailbox2AbortCallback
 .text.HAL_CAN_RxFifo0FullCallback
                0x08002112       0x14 ./Drivers/STM32F4xx_HAL_Driver/Src/stm32f4xx_hal_can.o
                0x08002112                HAL_CAN_RxFifo0FullCallback
 .text.HAL_CAN_RxFifo1MsgPendingCallback
                0x08002126       0x14 ./Drivers/STM32F4xx_HAL_Driver/Src/stm32f4xx_hal_can.o
                0x08002126                HAL_CAN_RxFifo1MsgPendingCallback
 .text.HAL_CAN_RxFifo1FullCallback
                0x0800213a       0x14 ./Drivers/STM32F4xx_HAL_Driver/Src/stm32f4xx_hal_can.o
                0x0800213a                HAL_CAN_RxFifo1FullCallback
 .text.HAL_CAN_SleepCallback
                0x0800214e       0x14 ./Drivers/STM32F4xx_HAL_Driver/Src/stm32f4xx_hal_can.o
                0x0800214e                HAL_CAN_SleepCallback
 .text.HAL_CAN_WakeUpFromRxMsgCallback
                0x08002162       0x14 ./Drivers/STM32F4xx_HAL_Driver/Src/stm32f4xx_hal_can.o
                0x08002162                HAL_CAN_WakeUpFromRxMsgCallback
 .text.HAL_CAN_ErrorCallback
                0x08002176       0x14 ./Drivers/STM32F4xx_HAL_Driver/Src/stm32f4xx_hal_can.o
                0x08002176                HAL_CAN_ErrorCallback
 *fill*         0x0800218a        0x2 
 .text.__NVIC_SetPriorityGrouping
                0x0800218c       0x48 ./Drivers/STM32F4xx_HAL_Driver/Src/stm32f4xx_hal_cortex.o
 .text.__NVIC_GetPriorityGrouping
                0x080021d4       0x1c ./Drivers/STM32F4xx_HAL_Driver/Src/stm32f4xx_hal_cortex.o
 .text.__NVIC_EnableIRQ
                0x080021f0       0x3c ./Drivers/STM32F4xx_HAL_Driver/Src/stm32f4xx_hal_cortex.o
 .text.__NVIC_SetPriority
                0x0800222c       0x54 ./Drivers/STM32F4xx_HAL_Driver/Src/stm32f4xx_hal_cortex.o
 .text.NVIC_EncodePriority
                0x08002280       0x66 ./Drivers/STM32F4xx_HAL_Driver/Src/stm32f4xx_hal_cortex.o
 *fill*         0x080022e6        0x2 
 .text.SysTick_Config
                0x080022e8       0x44 ./Drivers/STM32F4xx_HAL_Driver/Src/stm32f4xx_hal_cortex.o
 .text.HAL_NVIC_SetPriorityGrouping
                0x0800232c       0x16 ./Drivers/STM32F4xx_HAL_Driver/Src/stm32f4xx_hal_cortex.o
                0x0800232c                HAL_NVIC_SetPriorityGrouping
 .text.HAL_NVIC_SetPriority
                0x08002342       0x38 ./Drivers/STM32F4xx_HAL_Driver/Src/stm32f4xx_hal_cortex.o
                0x08002342                HAL_NVIC_SetPriority
 .text.HAL_NVIC_EnableIRQ
                0x0800237a       0x1c ./Drivers/STM32F4xx_HAL_Driver/Src/stm32f4xx_hal_cortex.o
                0x0800237a                HAL_NVIC_EnableIRQ
 .text.HAL_SYSTICK_Config
                0x08002396       0x18 ./Drivers/STM32F4xx_HAL_Driver/Src/stm32f4xx_hal_cortex.o
                0x08002396                HAL_SYSTICK_Config
 *fill*         0x080023ae        0x2 
 .text.HAL_DMA_Init
                0x080023b0      0x15c ./Drivers/STM32F4xx_HAL_Driver/Src/stm32f4xx_hal_dma.o
                0x080023b0                HAL_DMA_Init
 .text.HAL_DMA_Start_IT
                0x0800250c       0xb0 ./Drivers/STM32F4xx_HAL_Driver/Src/stm32f4xx_hal_dma.o
                0x0800250c                HAL_DMA_Start_IT
 .text.HAL_DMA_Abort
                0x080025bc       0xe0 ./Drivers/STM32F4xx_HAL_Driver/Src/stm32f4xx_hal_dma.o
                0x080025bc                HAL_DMA_Abort
 .text.HAL_DMA_Abort_IT
                0x0800269c       0x44 ./Drivers/STM32F4xx_HAL_Driver/Src/stm32f4xx_hal_dma.o
                0x0800269c                HAL_DMA_Abort_IT
 .text.HAL_DMA_IRQHandler
                0x080026e0      0x314 ./Drivers/STM32F4xx_HAL_Driver/Src/stm32f4xx_hal_dma.o
                0x080026e0                HAL_DMA_IRQHandler
 .text.DMA_SetConfig
                0x080029f4       0x5c ./Drivers/STM32F4xx_HAL_Driver/Src/stm32f4xx_hal_dma.o
 .text.DMA_CalcBaseAndBitshift
                0x08002a50       0x6c ./Drivers/STM32F4xx_HAL_Driver/Src/stm32f4xx_hal_dma.o
 .text.DMA_CheckFifoParam
                0x08002abc       0xf8 ./Drivers/STM32F4xx_HAL_Driver/Src/stm32f4xx_hal_dma.o
 .text.HAL_GPIO_Init
                0x08002bb4      0x338 ./Drivers/STM32F4xx_HAL_Driver/Src/stm32f4xx_hal_gpio.o
                0x08002bb4                HAL_GPIO_Init
 .text.HAL_GPIO_WritePin
                0x08002eec       0x32 ./Drivers/STM32F4xx_HAL_Driver/Src/stm32f4xx_hal_gpio.o
                0x08002eec                HAL_GPIO_WritePin
 .text.HAL_GPIO_TogglePin
                0x08002f1e       0x34 ./Drivers/STM32F4xx_HAL_Driver/Src/stm32f4xx_hal_gpio.o
                0x08002f1e                HAL_GPIO_TogglePin
 *fill*         0x08002f52        0x2 
 .text.HAL_RCC_OscConfig
                0x08002f54      0x4f0 ./Drivers/STM32F4xx_HAL_Driver/Src/stm32f4xx_hal_rcc.o
                0x08002f54                HAL_RCC_OscConfig
 .text.HAL_RCC_ClockConfig
                0x08003444      0x1cc ./Drivers/STM32F4xx_HAL_Driver/Src/stm32f4xx_hal_rcc.o
                0x08003444                HAL_RCC_ClockConfig
 .text.HAL_RCC_GetSysClockFreq
                0x08003610      0x18c ./Drivers/STM32F4xx_HAL_Driver/Src/stm32f4xx_hal_rcc.o
                0x08003610                HAL_RCC_GetSysClockFreq
 .text.HAL_RCC_GetHCLKFreq
                0x0800379c       0x18 ./Drivers/STM32F4xx_HAL_Driver/Src/stm32f4xx_hal_rcc.o
                0x0800379c                HAL_RCC_GetHCLKFreq
 .text.HAL_RCC_GetPCLK1Freq
                0x080037b4       0x28 ./Drivers/STM32F4xx_HAL_Driver/Src/stm32f4xx_hal_rcc.o
                0x080037b4                HAL_RCC_GetPCLK1Freq
 .text.HAL_RCC_GetPCLK2Freq
                0x080037dc       0x28 ./Drivers/STM32F4xx_HAL_Driver/Src/stm32f4xx_hal_rcc.o
                0x080037dc                HAL_RCC_GetPCLK2Freq
 .text.HAL_UART_Init
                0x08003804       0xa0 ./Drivers/STM32F4xx_HAL_Driver/Src/stm32f4xx_hal_uart.o
                0x08003804                HAL_UART_Init
 .text.HAL_UARTEx_ReceiveToIdle_DMA
                0x080038a4       0xb2 ./Drivers/STM32F4xx_HAL_Driver/Src/stm32f4xx_hal_uart.o
                0x080038a4                HAL_UARTEx_ReceiveToIdle_DMA
 *fill*         0x08003956        0x2 
 .text.HAL_UART_IRQHandler
                0x08003958      0x554 ./Drivers/STM32F4xx_HAL_Driver/Src/stm32f4xx_hal_uart.o
                0x08003958                HAL_UART_IRQHandler
 .text.HAL_UART_TxCpltCallback
                0x08003eac       0x14 ./Drivers/STM32F4xx_HAL_Driver/Src/stm32f4xx_hal_uart.o
                0x08003eac                HAL_UART_TxCpltCallback
 .text.HAL_UART_RxCpltCallback
                0x08003ec0       0x14 ./Drivers/STM32F4xx_HAL_Driver/Src/stm32f4xx_hal_uart.o
                0x08003ec0                HAL_UART_RxCpltCallback
 .text.HAL_UART_RxHalfCpltCallback
                0x08003ed4       0x14 ./Drivers/STM32F4xx_HAL_Driver/Src/stm32f4xx_hal_uart.o
                0x08003ed4                HAL_UART_RxHalfCpltCallback
 .text.HAL_UART_ErrorCallback
                0x08003ee8       0x14 ./Drivers/STM32F4xx_HAL_Driver/Src/stm32f4xx_hal_uart.o
                0x08003ee8                HAL_UART_ErrorCallback
 .text.UART_DMAReceiveCplt
                0x08003efc      0x12c ./Drivers/STM32F4xx_HAL_Driver/Src/stm32f4xx_hal_uart.o
 .text.UART_DMARxHalfCplt
                0x08004028       0x3c ./Drivers/STM32F4xx_HAL_Driver/Src/stm32f4xx_hal_uart.o
 .text.UART_DMAError
                0x08004064       0x94 ./Drivers/STM32F4xx_HAL_Driver/Src/stm32f4xx_hal_uart.o
 .text.UART_Start_Receive_DMA
                0x080040f8      0x14c ./Drivers/STM32F4xx_HAL_Driver/Src/stm32f4xx_hal_uart.o
                0x080040f8                UART_Start_Receive_DMA
 .text.UART_EndTxTransfer
                0x08004244       0x50 ./Drivers/STM32F4xx_HAL_Driver/Src/stm32f4xx_hal_uart.o
 .text.UART_EndRxTransfer
                0x08004294       0xc6 ./Drivers/STM32F4xx_HAL_Driver/Src/stm32f4xx_hal_uart.o
 .text.UART_DMAAbortOnError
                0x0800435a       0x22 ./Drivers/STM32F4xx_HAL_Driver/Src/stm32f4xx_hal_uart.o
 .text.UART_Transmit_IT
                0x0800437c       0xa0 ./Drivers/STM32F4xx_HAL_Driver/Src/stm32f4xx_hal_uart.o
 .text.UART_EndTransmit_IT
                0x0800441c       0x30 ./Drivers/STM32F4xx_HAL_Driver/Src/stm32f4xx_hal_uart.o
 .text.UART_Receive_IT
                0x0800444c      0x17c ./Drivers/STM32F4xx_HAL_Driver/Src/stm32f4xx_hal_uart.o
 .text.UART_SetConfig
                0x080045c8      0x4e8 ./Drivers/STM32F4xx_HAL_Driver/Src/stm32f4xx_hal_uart.o
 .text.memset   0x08004ab0       0x10 C:/ST/STM32CubeIDE_1.19.0/STM32CubeIDE/plugins/com.st.stm32cube.ide.mcu.externaltools.gnu-tools-for-stm32.13.3.rel1.win32_1.0.0.202411081344/tools/bin/../lib/gcc/arm-none-eabi/13.3.1/../../../../arm-none-eabi/lib/thumb/v7e-m+fp/hard\libc_nano.a(libc_a-memset.o)
                0x08004ab0                memset
 .text.__libc_init_array
                0x08004ac0       0x48 C:/ST/STM32CubeIDE_1.19.0/STM32CubeIDE/plugins/com.st.stm32cube.ide.mcu.externaltools.gnu-tools-for-stm32.13.3.rel1.win32_1.0.0.202411081344/tools/bin/../lib/gcc/arm-none-eabi/13.3.1/../../../../arm-none-eabi/lib/thumb/v7e-m+fp/hard\libc_nano.a(libc_a-init.o)
                0x08004ac0                __libc_init_array
 *(.glue_7)
 .glue_7        0x08004b08        0x0 linker stubs
 *(.glue_7t)
 .glue_7t       0x08004b08        0x0 linker stubs
 *(.eh_frame)
 .eh_frame      0x08004b08        0x0 C:/ST/STM32CubeIDE_1.19.0/STM32CubeIDE/plugins/com.st.stm32cube.ide.mcu.externaltools.gnu-tools-for-stm32.13.3.rel1.win32_1.0.0.202411081344/tools/bin/../lib/gcc/arm-none-eabi/13.3.1/thumb/v7e-m+fp/hard/crtbegin.o
 *(.init)
 .init          0x08004b08        0x4 C:/ST/STM32CubeIDE_1.19.0/STM32CubeIDE/plugins/com.st.stm32cube.ide.mcu.externaltools.gnu-tools-for-stm32.13.3.rel1.win32_1.0.0.202411081344/tools/bin/../lib/gcc/arm-none-eabi/13.3.1/thumb/v7e-m+fp/hard/crti.o
                0x08004b08                _init
 .init          0x08004b0c        0x8 C:/ST/STM32CubeIDE_1.19.0/STM32CubeIDE/plugins/com.st.stm32cube.ide.mcu.externaltools.gnu-tools-for-stm32.13.3.rel1.win32_1.0.0.202411081344/tools/bin/../lib/gcc/arm-none-eabi/13.3.1/thumb/v7e-m+fp/hard/crtn.o
 *(.fini)
 .fini          0x08004b14        0x4 C:/ST/STM32CubeIDE_1.19.0/STM32CubeIDE/plugins/com.st.stm32cube.ide.mcu.externaltools.gnu-tools-for-stm32.13.3.rel1.win32_1.0.0.202411081344/tools/bin/../lib/gcc/arm-none-eabi/13.3.1/thumb/v7e-m+fp/hard/crti.o
                0x08004b14                _fini
 .fini          0x08004b18        0x8 C:/ST/STM32CubeIDE_1.19.0/STM32CubeIDE/plugins/com.st.stm32cube.ide.mcu.externaltools.gnu-tools-for-stm32.13.3.rel1.win32_1.0.0.202411081344/tools/bin/../lib/gcc/arm-none-eabi/13.3.1/thumb/v7e-m+fp/hard/crtn.o
                0x08004b20                        . = ALIGN (0x4)
                0x08004b20                        _etext = .

.vfp11_veneer   0x08004b20        0x0
 .vfp11_veneer  0x08004b20        0x0 linker stubs

.v4_bx          0x08004b20        0x0
 .v4_bx         0x08004b20        0x0 linker stubs

.iplt           0x08004b20        0x0
 .iplt          0x08004b20        0x0 C:/ST/STM32CubeIDE_1.19.0/STM32CubeIDE/plugins/com.st.stm32cube.ide.mcu.externaltools.gnu-tools-for-stm32.13.3.rel1.win32_1.0.0.202411081344/tools/bin/../lib/gcc/arm-none-eabi/13.3.1/thumb/v7e-m+fp/hard/crtbegin.o

.rodata         0x08004b20       0x30
                0x08004b20                        . = ALIGN (0x4)
 *(.rodata)
 .rodata        0x08004b20        0xe ./Core/Src/dvc_motor_config.o
 *(.rodata*)
 *fill*         0x08004b2e        0x2 
 .rodata.AHBPrescTable
                0x08004b30       0x10 ./Core/Src/system_stm32f4xx.o
                0x08004b30                AHBPrescTable
 .rodata.APBPrescTable
                0x08004b40        0x8 ./Core/Src/system_stm32f4xx.o
                0x08004b40                APBPrescTable
 .rodata.flagBitshiftOffset.0
                0x08004b48        0x8 ./Drivers/STM32F4xx_HAL_Driver/Src/stm32f4xx_hal_dma.o
                0x08004b50                        . = ALIGN (0x4)

.ARM.extab      0x08004b50        0x0
                0x08004b50                        . = ALIGN (0x4)
 *(.ARM.extab* .gnu.linkonce.armextab.*)
                0x08004b50                        . = ALIGN (0x4)

.ARM            0x08004b50        0x8
                0x08004b50                        . = ALIGN (0x4)
                0x08004b50                        __exidx_start = .
 *(.ARM.exidx*)
 .ARM.exidx     0x08004b50        0x8 C:/ST/STM32CubeIDE_1.19.0/STM32CubeIDE/plugins/com.st.stm32cube.ide.mcu.externaltools.gnu-tools-for-stm32.13.3.rel1.win32_1.0.0.202411081344/tools/bin/../lib/gcc/arm-none-eabi/13.3.1/thumb/v7e-m+fp/hard\libgcc.a(_udivmoddi4.o)
                0x08004b58                        __exidx_end = .
                0x08004b58                        . = ALIGN (0x4)

.preinit_array  0x08004b58        0x0
                0x08004b58                        . = ALIGN (0x4)
                0x08004b58                        PROVIDE (__preinit_array_start = .)
 *(.preinit_array*)
                0x08004b58                        PROVIDE (__preinit_array_end = .)
                0x08004b58                        . = ALIGN (0x4)

.init_array     0x08004b58        0x4
                0x08004b58                        . = ALIGN (0x4)
                0x08004b58                        PROVIDE (__init_array_start = .)
 *(SORT_BY_NAME(.init_array.*))
 *(.init_array*)
 .init_array    0x08004b58        0x4 C:/ST/STM32CubeIDE_1.19.0/STM32CubeIDE/plugins/com.st.stm32cube.ide.mcu.externaltools.gnu-tools-for-stm32.13.3.rel1.win32_1.0.0.202411081344/tools/bin/../lib/gcc/arm-none-eabi/13.3.1/thumb/v7e-m+fp/hard/crtbegin.o
                0x08004b5c                        PROVIDE (__init_array_end = .)
                0x08004b5c                        . = ALIGN (0x4)

.fini_array     0x08004b5c        0x4
                0x08004b5c                        . = ALIGN (0x4)
                [!provide]                        PROVIDE (__fini_array_start = .)
 *(SORT_BY_NAME(.fini_array.*))
 *(.fini_array*)
 .fini_array    0x08004b5c        0x4 C:/ST/STM32CubeIDE_1.19.0/STM32CubeIDE/plugins/com.st.stm32cube.ide.mcu.externaltools.gnu-tools-for-stm32.13.3.rel1.win32_1.0.0.202411081344/tools/bin/../lib/gcc/arm-none-eabi/13.3.1/thumb/v7e-m+fp/hard/crtbegin.o
                [!provide]                        PROVIDE (__fini_array_end = .)
                0x08004b60                        . = ALIGN (0x4)
                0x08004b60                        _sidata = LOADADDR (.data)

.rel.dyn        0x08004b60        0x0
 .rel.iplt      0x08004b60        0x0 C:/ST/STM32CubeIDE_1.19.0/STM32CubeIDE/plugins/com.st.stm32cube.ide.mcu.externaltools.gnu-tools-for-stm32.13.3.rel1.win32_1.0.0.202411081344/tools/bin/../lib/gcc/arm-none-eabi/13.3.1/thumb/v7e-m+fp/hard/crtbegin.o

.data           0x20000000      0x24c load address 0x08004b60
                0x20000000                        . = ALIGN (0x4)
                0x20000000                        _sdata = .
 *(.data)
 *(.data*)
 .data.motor_pid_cfg
                0x20000000      0x240 ./Core/Src/cfg_pid_params.o
                0x20000000                motor_pid_cfg
 .data.SystemCoreClock
                0x20000240        0x4 ./Core/Src/system_stm32f4xx.o
                0x20000240                SystemCoreClock
 .data.uwTickPrio
                0x20000244        0x4 ./Drivers/STM32F4xx_HAL_Driver/Src/stm32f4xx_hal.o
                0x20000244                uwTickPrio
 .data.uwTickFreq
                0x20000248        0x1 ./Drivers/STM32F4xx_HAL_Driver/Src/stm32f4xx_hal.o
                0x20000248                uwTickFreq
 *(.RamFunc)
 *(.RamFunc*)
                0x2000024c                        . = ALIGN (0x4)
 *fill*         0x20000249        0x3 
                0x2000024c                        _edata = .
                0x08004dac                        _siccmram = LOADADDR (.ccmram)

.igot.plt       0x2000024c        0x0 load address 0x08004dac
 .igot.plt      0x2000024c        0x0 C:/ST/STM32CubeIDE_1.19.0/STM32CubeIDE/plugins/com.st.stm32cube.ide.mcu.externaltools.gnu-tools-for-stm32.13.3.rel1.win32_1.0.0.202411081344/tools/bin/../lib/gcc/arm-none-eabi/13.3.1/thumb/v7e-m+fp/hard/crtbegin.o

.ccmram         0x10000000        0x0 load address 0x08004dac
                0x10000000                        . = ALIGN (0x4)
                0x10000000                        _sccmram = .
 *(.ccmram)
 *(.ccmram*)
                0x10000000                        . = ALIGN (0x4)
                0x10000000                        _eccmram = .
                0x10000000                        . = ALIGN (0x4)

.bss            0x2000024c      0x9bc
                0x2000024c                        _sbss = .
                0x2000024c                        __bss_start__ = _sbss
 *(.bss)
 .bss           0x2000024c       0x1c C:/ST/STM32CubeIDE_1.19.0/STM32CubeIDE/plugins/com.st.stm32cube.ide.mcu.externaltools.gnu-tools-for-stm32.13.3.rel1.win32_1.0.0.202411081344/tools/bin/../lib/gcc/arm-none-eabi/13.3.1/thumb/v7e-m+fp/hard/crtbegin.o
 *(.bss*)
 .bss.hcan1     0x20000268       0x28 ./Core/Src/can.o
                0x20000268                hcan1
 .bss.hcan2     0x20000290       0x28 ./Core/Src/can.o
                0x20000290                hcan2
 .bss.HAL_RCC_CAN1_CLK_ENABLED
                0x200002b8        0x4 ./Core/Src/can.o
 .bss.UART1_Manage_Object
                0x200002bc       0x18 ./Core/Src/drv_uart.o
                0x200002bc                UART1_Manage_Object
 .bss.UART2_Manage_Object
                0x200002d4       0x18 ./Core/Src/drv_uart.o
                0x200002d4                UART2_Manage_Object
 .bss.UART3_Manage_Object
                0x200002ec       0x18 ./Core/Src/drv_uart.o
                0x200002ec                UART3_Manage_Object
 .bss.UART4_Manage_Object
                0x20000304       0x18 ./Core/Src/drv_uart.o
                0x20000304                UART4_Manage_Object
 .bss.UART5_Manage_Object
                0x2000031c       0x18 ./Core/Src/drv_uart.o
                0x2000031c                UART5_Manage_Object
 .bss.UART6_Manage_Object
                0x20000334       0x18 ./Core/Src/drv_uart.o
                0x20000334                UART6_Manage_Object
 .bss.motors    0x2000034c      0x7b0 ./Core/Src/dvc_motor_config.o
                0x2000034c                motors
 .bss.huart2    0x20000afc       0x48 ./Core/Src/usart.o
                0x20000afc                huart2
 .bss.hdma_usart2_rx
                0x20000b44       0x60 ./Core/Src/usart.o
                0x20000b44                hdma_usart2_rx
 .bss.hdma_usart2_tx
                0x20000ba4       0x60 ./Core/Src/usart.o
                0x20000ba4                hdma_usart2_tx
 .bss.uwTick    0x20000c04        0x4 ./Drivers/STM32F4xx_HAL_Driver/Src/stm32f4xx_hal.o
                0x20000c04                uwTick
 *(COMMON)
                0x20000c08                        . = ALIGN (0x4)
                0x20000c08                        _ebss = .
                0x20000c08                        __bss_end__ = _ebss

._user_heap_stack
                0x20000c08      0x600
                0x20000c08                        . = ALIGN (0x8)
                [!provide]                        PROVIDE (end = .)
                0x20000c08                        PROVIDE (_end = .)
                0x20000e08                        . = (. + _Min_Heap_Size)
 *fill*         0x20000c08      0x200 
                0x20001208                        . = (. + _Min_Stack_Size)
 *fill*         0x20000e08      0x400 
                0x20001208                        . = ALIGN (0x8)

/DISCARD/
 libc.a(*)
 libm.a(*)
 libgcc.a(*)

.ARM.attributes
                0x00000000       0x30
 *(.ARM.attributes)
 .ARM.attributes
                0x00000000       0x22 C:/ST/STM32CubeIDE_1.19.0/STM32CubeIDE/plugins/com.st.stm32cube.ide.mcu.externaltools.gnu-tools-for-stm32.13.3.rel1.win32_1.0.0.202411081344/tools/bin/../lib/gcc/arm-none-eabi/13.3.1/thumb/v7e-m+fp/hard/crti.o
 .ARM.attributes
                0x00000022       0x34 C:/ST/STM32CubeIDE_1.19.0/STM32CubeIDE/plugins/com.st.stm32cube.ide.mcu.externaltools.gnu-tools-for-stm32.13.3.rel1.win32_1.0.0.202411081344/tools/bin/../lib/gcc/arm-none-eabi/13.3.1/thumb/v7e-m+fp/hard/crtbegin.o
 .ARM.attributes
                0x00000056       0x34 ./Core/Src/alg_pid.o
 .ARM.attributes
                0x0000008a       0x34 ./Core/Src/can.o
 .ARM.attributes
                0x000000be       0x34 ./Core/Src/cfg_pid_params.o
 .ARM.attributes
                0x000000f2       0x34 ./Core/Src/dma.o
 .ARM.attributes
                0x00000126       0x34 ./Core/Src/drv_can.o
 .ARM.attributes
                0x0000015a       0x34 ./Core/Src/drv_uart.o
 .ARM.attributes
                0x0000018e       0x34 ./Core/Src/dvc_motor.o
 .ARM.attributes
                0x000001c2       0x34 ./Core/Src/dvc_motor_config.o
 .ARM.attributes
                0x000001f6       0x34 ./Core/Src/gpio.o
 .ARM.attributes
                0x0000022a       0x34 ./Core/Src/main.o
 .ARM.attributes
                0x0000025e       0x34 ./Core/Src/stm32f4xx_hal_msp.o
 .ARM.attributes
                0x00000292       0x34 ./Core/Src/stm32f4xx_it.o
 .ARM.attributes
                0x000002c6       0x34 ./Core/Src/system_stm32f4xx.o
 .ARM.attributes
                0x000002fa       0x34 ./Core/Src/usart.o
 .ARM.attributes
                0x0000032e       0x21 ./Core/Startup/startup_stm32f407ighx.o
 .ARM.attributes
                0x0000034f       0x34 ./Drivers/STM32F4xx_HAL_Driver/Src/stm32f4xx_hal.o
 .ARM.attributes
                0x00000383       0x34 ./Drivers/STM32F4xx_HAL_Driver/Src/stm32f4xx_hal_can.o
 .ARM.attributes
                0x000003b7       0x34 ./Drivers/STM32F4xx_HAL_Driver/Src/stm32f4xx_hal_cortex.o
 .ARM.attributes
                0x000003eb       0x34 ./Drivers/STM32F4xx_HAL_Driver/Src/stm32f4xx_hal_dma.o
 .ARM.attributes
                0x0000041f       0x34 ./Drivers/STM32F4xx_HAL_Driver/Src/stm32f4xx_hal_gpio.o
 .ARM.attributes
                0x00000453       0x34 ./Drivers/STM32F4xx_HAL_Driver/Src/stm32f4xx_hal_rcc.o
 .ARM.attributes
                0x00000487       0x34 ./Drivers/STM32F4xx_HAL_Driver/Src/stm32f4xx_hal_uart.o
 .ARM.attributes
                0x000004bb       0x34 C:/ST/STM32CubeIDE_1.19.0/STM32CubeIDE/plugins/com.st.stm32cube.ide.mcu.externaltools.gnu-tools-for-stm32.13.3.rel1.win32_1.0.0.202411081344/tools/bin/../lib/gcc/arm-none-eabi/13.3.1/../../../../arm-none-eabi/lib/thumb/v7e-m+fp/hard\libc_nano.a(libc_a-memset.o)
 .ARM.attributes
                0x000004ef       0x34 C:/ST/STM32CubeIDE_1.19.0/STM32CubeIDE/plugins/com.st.stm32cube.ide.mcu.externaltools.gnu-tools-for-stm32.13.3.rel1.win32_1.0.0.202411081344/tools/bin/../lib/gcc/arm-none-eabi/13.3.1/../../../../arm-none-eabi/lib/thumb/v7e-m+fp/hard\libc_nano.a(libc_a-init.o)
 .ARM.attributes
                0x00000523       0x22 C:/ST/STM32CubeIDE_1.19.0/STM32CubeIDE/plugins/com.st.stm32cube.ide.mcu.externaltools.gnu-tools-for-stm32.13.3.rel1.win32_1.0.0.202411081344/tools/bin/../lib/gcc/arm-none-eabi/13.3.1/thumb/v7e-m+fp/hard\libgcc.a(_aeabi_uldivmod.o)
 .ARM.attributes
                0x00000545       0x34 C:/ST/STM32CubeIDE_1.19.0/STM32CubeIDE/plugins/com.st.stm32cube.ide.mcu.externaltools.gnu-tools-for-stm32.13.3.rel1.win32_1.0.0.202411081344/tools/bin/../lib/gcc/arm-none-eabi/13.3.1/thumb/v7e-m+fp/hard\libgcc.a(_udivmoddi4.o)
 .ARM.attributes
                0x00000579       0x22 C:/ST/STM32CubeIDE_1.19.0/STM32CubeIDE/plugins/com.st.stm32cube.ide.mcu.externaltools.gnu-tools-for-stm32.13.3.rel1.win32_1.0.0.202411081344/tools/bin/../lib/gcc/arm-none-eabi/13.3.1/thumb/v7e-m+fp/hard\libgcc.a(_dvmd_tls.o)
 .ARM.attributes
                0x0000059b       0x22 C:/ST/STM32CubeIDE_1.19.0/STM32CubeIDE/plugins/com.st.stm32cube.ide.mcu.externaltools.gnu-tools-for-stm32.13.3.rel1.win32_1.0.0.202411081344/tools/bin/../lib/gcc/arm-none-eabi/13.3.1/thumb/v7e-m+fp/hard/crtn.o
OUTPUT(Engineer_Custom_Controller.elf elf32-littlearm)
LOAD linker stubs
LOAD C:/ST/STM32CubeIDE_1.19.0/STM32CubeIDE/plugins/com.st.stm32cube.ide.mcu.externaltools.gnu-tools-for-stm32.13.3.rel1.win32_1.0.0.202411081344/tools/bin/../lib/gcc/arm-none-eabi/13.3.1/../../../../arm-none-eabi/lib/thumb/v7e-m+fp/hard\libc.a
LOAD C:/ST/STM32CubeIDE_1.19.0/STM32CubeIDE/plugins/com.st.stm32cube.ide.mcu.externaltools.gnu-tools-for-stm32.13.3.rel1.win32_1.0.0.202411081344/tools/bin/../lib/gcc/arm-none-eabi/13.3.1/../../../../arm-none-eabi/lib/thumb/v7e-m+fp/hard\libm.a
LOAD C:/ST/STM32CubeIDE_1.19.0/STM32CubeIDE/plugins/com.st.stm32cube.ide.mcu.externaltools.gnu-tools-for-stm32.13.3.rel1.win32_1.0.0.202411081344/tools/bin/../lib/gcc/arm-none-eabi/13.3.1/thumb/v7e-m+fp/hard\libgcc.a

.debug_info     0x00000000     0xdea2
 .debug_info    0x00000000      0x3b1 ./Core/Src/alg_pid.o
 .debug_info    0x000003b1      0xb42 ./Core/Src/can.o
 .debug_info    0x00000ef3      0x163 ./Core/Src/cfg_pid_params.o
 .debug_info    0x00001056      0x4ad ./Core/Src/dma.o
 .debug_info    0x00001503      0xe0d ./Core/Src/drv_can.o
 .debug_info    0x00002310      0x7c0 ./Core/Src/drv_uart.o
 .debug_info    0x00002ad0      0xcdd ./Core/Src/dvc_motor.o
 .debug_info    0x000037ad      0xa45 ./Core/Src/dvc_motor_config.o
 .debug_info    0x000041f2      0x409 ./Core/Src/gpio.o
 .debug_info    0x000045fb      0xca4 ./Core/Src/main.o
 .debug_info    0x0000529f      0x269 ./Core/Src/stm32f4xx_hal_msp.o
 .debug_info    0x00005508      0xaab ./Core/Src/stm32f4xx_it.o
 .debug_info    0x00005fb3      0x512 ./Core/Src/system_stm32f4xx.o
 .debug_info    0x000064c5      0xbd8 ./Core/Src/usart.o
 .debug_info    0x0000709d       0x30 ./Core/Startup/startup_stm32f407ighx.o
 .debug_info    0x000070cd      0x944 ./Drivers/STM32F4xx_HAL_Driver/Src/stm32f4xx_hal.o
 .debug_info    0x00007a11      0xf49 ./Drivers/STM32F4xx_HAL_Driver/Src/stm32f4xx_hal_can.o
 .debug_info    0x0000895a      0xd8c ./Drivers/STM32F4xx_HAL_Driver/Src/stm32f4xx_hal_cortex.o
 .debug_info    0x000096e6      0x8e7 ./Drivers/STM32F4xx_HAL_Driver/Src/stm32f4xx_hal_dma.o
 .debug_info    0x00009fcd      0x6c3 ./Drivers/STM32F4xx_HAL_Driver/Src/stm32f4xx_hal_gpio.o
 .debug_info    0x0000a690      0x8c3 ./Drivers/STM32F4xx_HAL_Driver/Src/stm32f4xx_hal_rcc.o
 .debug_info    0x0000af53     0x2f4f ./Drivers/STM32F4xx_HAL_Driver/Src/stm32f4xx_hal_uart.o

.debug_abbrev   0x00000000     0x27e4
 .debug_abbrev  0x00000000      0x13e ./Core/Src/alg_pid.o
 .debug_abbrev  0x0000013e      0x224 ./Core/Src/can.o
 .debug_abbrev  0x00000362       0xa3 ./Core/Src/cfg_pid_params.o
 .debug_abbrev  0x00000405      0x10e ./Core/Src/dma.o
 .debug_abbrev  0x00000513      0x240 ./Core/Src/drv_can.o
 .debug_abbrev  0x00000753      0x1bc ./Core/Src/drv_uart.o
 .debug_abbrev  0x0000090f      0x200 ./Core/Src/dvc_motor.o
 .debug_abbrev  0x00000b0f      0x1a2 ./Core/Src/dvc_motor_config.o
 .debug_abbrev  0x00000cb1      0x152 ./Core/Src/gpio.o
 .debug_abbrev  0x00000e03      0x232 ./Core/Src/main.o
 .debug_abbrev  0x00001035       0xd8 ./Core/Src/stm32f4xx_hal_msp.o
 .debug_abbrev  0x0000110d      0x1e5 ./Core/Src/stm32f4xx_it.o
 .debug_abbrev  0x000012f2      0x11a ./Core/Src/system_stm32f4xx.o
 .debug_abbrev  0x0000140c      0x22e ./Core/Src/usart.o
 .debug_abbrev  0x0000163a       0x24 ./Core/Startup/startup_stm32f407ighx.o
 .debug_abbrev  0x0000165e      0x214 ./Drivers/STM32F4xx_HAL_Driver/Src/stm32f4xx_hal.o
 .debug_abbrev  0x00001872      0x258 ./Drivers/STM32F4xx_HAL_Driver/Src/stm32f4xx_hal_can.o
 .debug_abbrev  0x00001aca      0x31d ./Drivers/STM32F4xx_HAL_Driver/Src/stm32f4xx_hal_cortex.o
 .debug_abbrev  0x00001de7      0x264 ./Drivers/STM32F4xx_HAL_Driver/Src/stm32f4xx_hal_dma.o
 .debug_abbrev  0x0000204b      0x1d4 ./Drivers/STM32F4xx_HAL_Driver/Src/stm32f4xx_hal_gpio.o
 .debug_abbrev  0x0000221f      0x2b7 ./Drivers/STM32F4xx_HAL_Driver/Src/stm32f4xx_hal_rcc.o
 .debug_abbrev  0x000024d6      0x30e ./Drivers/STM32F4xx_HAL_Driver/Src/stm32f4xx_hal_uart.o

.debug_aranges  0x00000000      0xa78
 .debug_aranges
                0x00000000       0x50 ./Core/Src/alg_pid.o
 .debug_aranges
                0x00000050       0x38 ./Core/Src/can.o
 .debug_aranges
                0x00000088       0x18 ./Core/Src/cfg_pid_params.o
 .debug_aranges
                0x000000a0       0x20 ./Core/Src/dma.o
 .debug_aranges
                0x000000c0       0x40 ./Core/Src/drv_can.o
 .debug_aranges
                0x00000100       0x38 ./Core/Src/drv_uart.o
 .debug_aranges
                0x00000138       0xc8 ./Core/Src/dvc_motor.o
 .debug_aranges
                0x00000200       0x20 ./Core/Src/dvc_motor_config.o
 .debug_aranges
                0x00000220       0x20 ./Core/Src/gpio.o
 .debug_aranges
                0x00000240       0x30 ./Core/Src/main.o
 .debug_aranges
                0x00000270       0x20 ./Core/Src/stm32f4xx_hal_msp.o
 .debug_aranges
                0x00000290       0x98 ./Core/Src/stm32f4xx_it.o
 .debug_aranges
                0x00000328       0x28 ./Core/Src/system_stm32f4xx.o
 .debug_aranges
                0x00000350       0x30 ./Core/Src/usart.o
 .debug_aranges
                0x00000380       0x28 ./Core/Startup/startup_stm32f407ighx.o
 .debug_aranges
                0x000003a8       0xf0 ./Drivers/STM32F4xx_HAL_Driver/Src/stm32f4xx_hal.o
 .debug_aranges
                0x00000498      0x138 ./Drivers/STM32F4xx_HAL_Driver/Src/stm32f4xx_hal_can.o
 .debug_aranges
                0x000005d0      0x130 ./Drivers/STM32F4xx_HAL_Driver/Src/stm32f4xx_hal_cortex.o
 .debug_aranges
                0x00000700       0x90 ./Drivers/STM32F4xx_HAL_Driver/Src/stm32f4xx_hal_dma.o
 .debug_aranges
                0x00000790       0x58 ./Drivers/STM32F4xx_HAL_Driver/Src/stm32f4xx_hal_gpio.o
 .debug_aranges
                0x000007e8       0x88 ./Drivers/STM32F4xx_HAL_Driver/Src/stm32f4xx_hal_rcc.o
 .debug_aranges
                0x00000870      0x208 ./Drivers/STM32F4xx_HAL_Driver/Src/stm32f4xx_hal_uart.o

.debug_rnglists
                0x00000000      0x7c5
 .debug_rnglists
                0x00000000       0x39 ./Core/Src/alg_pid.o
 .debug_rnglists
                0x00000039       0x27 ./Core/Src/can.o
 .debug_rnglists
                0x00000060       0x13 ./Core/Src/dma.o
 .debug_rnglists
                0x00000073       0x2e ./Core/Src/drv_can.o
 .debug_rnglists
                0x000000a1       0x27 ./Core/Src/drv_uart.o
 .debug_rnglists
                0x000000c8       0x94 ./Core/Src/dvc_motor.o
 .debug_rnglists
                0x0000015c       0x14 ./Core/Src/dvc_motor_config.o
 .debug_rnglists
                0x00000170       0x14 ./Core/Src/gpio.o
 .debug_rnglists
                0x00000184       0x20 ./Core/Src/main.o
 .debug_rnglists
                0x000001a4       0x13 ./Core/Src/stm32f4xx_hal_msp.o
 .debug_rnglists
                0x000001b7       0x6d ./Core/Src/stm32f4xx_it.o
 .debug_rnglists
                0x00000224       0x1a ./Core/Src/system_stm32f4xx.o
 .debug_rnglists
                0x0000023e       0x20 ./Core/Src/usart.o
 .debug_rnglists
                0x0000025e       0x19 ./Core/Startup/startup_stm32f407ighx.o
 .debug_rnglists
                0x00000277       0xaf ./Drivers/STM32F4xx_HAL_Driver/Src/stm32f4xx_hal.o
 .debug_rnglists
                0x00000326       0xee ./Drivers/STM32F4xx_HAL_Driver/Src/stm32f4xx_hal_can.o
 .debug_rnglists
                0x00000414       0xe0 ./Drivers/STM32F4xx_HAL_Driver/Src/stm32f4xx_hal_cortex.o
 .debug_rnglists
                0x000004f4       0x70 ./Drivers/STM32F4xx_HAL_Driver/Src/stm32f4xx_hal_dma.o
 .debug_rnglists
                0x00000564       0x3f ./Drivers/STM32F4xx_HAL_Driver/Src/stm32f4xx_hal_gpio.o
 .debug_rnglists
                0x000005a3       0x66 ./Drivers/STM32F4xx_HAL_Driver/Src/stm32f4xx_hal_rcc.o
 .debug_rnglists
                0x00000609      0x1bc ./Drivers/STM32F4xx_HAL_Driver/Src/stm32f4xx_hal_uart.o

.debug_macro    0x00000000    0x21850
 .debug_macro   0x00000000       0x6d ./Core/Src/alg_pid.o
 .debug_macro   0x0000006d      0xad8 ./Core/Src/alg_pid.o
 .debug_macro   0x00000b45       0x22 ./Core/Src/alg_pid.o
 .debug_macro   0x00000b67       0x8e ./Core/Src/alg_pid.o
 .debug_macro   0x00000bf5       0x51 ./Core/Src/alg_pid.o
 .debug_macro   0x00000c46      0x103 ./Core/Src/alg_pid.o
 .debug_macro   0x00000d49       0x6a ./Core/Src/alg_pid.o
 .debug_macro   0x00000db3      0x1df ./Core/Src/alg_pid.o
 .debug_macro   0x00000f92      0x1dd ./Core/Src/can.o
 .debug_macro   0x0000116f      0x29b ./Core/Src/can.o
 .debug_macro   0x0000140a       0x2e ./Core/Src/can.o
 .debug_macro   0x00001438       0x2f ./Core/Src/can.o
 .debug_macro   0x00001467       0x1c ./Core/Src/can.o
 .debug_macro   0x00001483       0x22 ./Core/Src/can.o
 .debug_macro   0x000014a5       0xfb ./Core/Src/can.o
 .debug_macro   0x000015a0     0x1011 ./Core/Src/can.o
 .debug_macro   0x000025b1      0x11f ./Core/Src/can.o
 .debug_macro   0x000026d0    0x15ea5 ./Core/Src/can.o
 .debug_macro   0x00018575       0x6d ./Core/Src/can.o
 .debug_macro   0x000185e2     0x3693 ./Core/Src/can.o
 .debug_macro   0x0001bc75      0x190 ./Core/Src/can.o
 .debug_macro   0x0001be05       0x5c ./Core/Src/can.o
 .debug_macro   0x0001be61      0x980 ./Core/Src/can.o
 .debug_macro   0x0001c7e1      0x9e9 ./Core/Src/can.o
 .debug_macro   0x0001d1ca      0x115 ./Core/Src/can.o
 .debug_macro   0x0001d2df      0x13e ./Core/Src/can.o
 .debug_macro   0x0001d41d       0xa5 ./Core/Src/can.o
 .debug_macro   0x0001d4c2      0x174 ./Core/Src/can.o
 .debug_macro   0x0001d636      0x287 ./Core/Src/can.o
 .debug_macro   0x0001d8bd       0x5f ./Core/Src/can.o
 .debug_macro   0x0001d91c      0x236 ./Core/Src/can.o
 .debug_macro   0x0001db52      0x40f ./Core/Src/can.o
 .debug_macro   0x0001df61      0x12c ./Core/Src/can.o
 .debug_macro   0x0001e08d      0x21e ./Core/Src/can.o
 .debug_macro   0x0001e2ab       0x2e ./Core/Src/can.o
 .debug_macro   0x0001e2d9      0x127 ./Core/Src/can.o
 .debug_macro   0x0001e400       0x7e ./Core/Src/can.o
 .debug_macro   0x0001e47e       0x89 ./Core/Src/can.o
 .debug_macro   0x0001e507      0x2aa ./Core/Src/can.o
 .debug_macro   0x0001e7b1      0x12d ./Core/Src/can.o
 .debug_macro   0x0001e8de       0x28 ./Core/Src/can.o
 .debug_macro   0x0001e906      0x209 ./Core/Src/cfg_pid_params.o
 .debug_macro   0x0001eb0f       0x10 ./Core/Src/cfg_pid_params.o
 .debug_macro   0x0001eb1f      0x1dd ./Core/Src/dma.o
 .debug_macro   0x0001ecfc      0x222 ./Core/Src/drv_can.o
 .debug_macro   0x0001ef1e      0x1d4 ./Core/Src/drv_uart.o
 .debug_macro   0x0001f0f2      0x2ea ./Core/Src/dvc_motor.o
 .debug_macro   0x0001f3dc       0x61 ./Core/Src/dvc_motor.o
 .debug_macro   0x0001f43d       0x2a ./Core/Src/dvc_motor.o
 .debug_macro   0x0001f467       0x43 ./Core/Src/dvc_motor.o
 .debug_macro   0x0001f4aa       0x34 ./Core/Src/dvc_motor.o
 .debug_macro   0x0001f4de      0x370 ./Core/Src/dvc_motor.o
 .debug_macro   0x0001f84e       0x16 ./Core/Src/dvc_motor.o
 .debug_macro   0x0001f864       0x4a ./Core/Src/dvc_motor.o
 .debug_macro   0x0001f8ae       0x34 ./Core/Src/dvc_motor.o
 .debug_macro   0x0001f8e2       0x10 ./Core/Src/dvc_motor.o
 .debug_macro   0x0001f8f2       0x58 ./Core/Src/dvc_motor.o
 .debug_macro   0x0001f94a       0x8e ./Core/Src/dvc_motor.o
 .debug_macro   0x0001f9d8       0x1c ./Core/Src/dvc_motor.o
 .debug_macro   0x0001f9f4      0x185 ./Core/Src/dvc_motor.o
 .debug_macro   0x0001fb79       0x10 ./Core/Src/dvc_motor.o
 .debug_macro   0x0001fb89       0x3c ./Core/Src/dvc_motor.o
 .debug_macro   0x0001fbc5       0x20 ./Core/Src/dvc_motor.o
 .debug_macro   0x0001fbe5      0x19b ./Core/Src/dvc_motor.o
 .debug_macro   0x0001fd80      0x212 ./Core/Src/dvc_motor_config.o
 .debug_macro   0x0001ff92       0x2e ./Core/Src/dvc_motor_config.o
 .debug_macro   0x0001ffc0      0x1dd ./Core/Src/gpio.o
 .debug_macro   0x0002019d      0x266 ./Core/Src/main.o
 .debug_macro   0x00020403      0x1d3 ./Core/Src/stm32f4xx_hal_msp.o
 .debug_macro   0x000205d6      0x1dd ./Core/Src/stm32f4xx_it.o
 .debug_macro   0x000207b3      0x1c4 ./Core/Src/system_stm32f4xx.o
 .debug_macro   0x00020977      0x1dd ./Core/Src/usart.o
 .debug_macro   0x00020b54      0x224 ./Drivers/STM32F4xx_HAL_Driver/Src/stm32f4xx_hal.o
 .debug_macro   0x00020d78      0x1d3 ./Drivers/STM32F4xx_HAL_Driver/Src/stm32f4xx_hal_can.o
 .debug_macro   0x00020f4b      0x1c4 ./Drivers/STM32F4xx_HAL_Driver/Src/stm32f4xx_hal_cortex.o
 .debug_macro   0x0002110f      0x1ca ./Drivers/STM32F4xx_HAL_Driver/Src/stm32f4xx_hal_dma.o
 .debug_macro   0x000212d9      0x1ca ./Drivers/STM32F4xx_HAL_Driver/Src/stm32f4xx_hal_gpio.o
 .debug_macro   0x000214a3      0x1e8 ./Drivers/STM32F4xx_HAL_Driver/Src/stm32f4xx_hal_rcc.o
 .debug_macro   0x0002168b      0x1c5 ./Drivers/STM32F4xx_HAL_Driver/Src/stm32f4xx_hal_uart.o

.debug_line     0x00000000     0xe8fc
 .debug_line    0x00000000      0x666 ./Core/Src/alg_pid.o
 .debug_line    0x00000666      0x84c ./Core/Src/can.o
 .debug_line    0x00000eb2      0x74d ./Core/Src/cfg_pid_params.o
 .debug_line    0x000015ff      0x72a ./Core/Src/dma.o
 .debug_line    0x00001d29      0x8b0 ./Core/Src/drv_can.o
 .debug_line    0x000025d9      0x864 ./Core/Src/drv_uart.o
 .debug_line    0x00002e3d      0xc43 ./Core/Src/dvc_motor.o
 .debug_line    0x00003a80      0x7be ./Core/Src/dvc_motor_config.o
 .debug_line    0x0000423e      0x73c ./Core/Src/gpio.o
 .debug_line    0x0000497a      0x84a ./Core/Src/main.o
 .debug_line    0x000051c4      0x72c ./Core/Src/stm32f4xx_hal_msp.o
 .debug_line    0x000058f0      0x883 ./Core/Src/stm32f4xx_it.o
 .debug_line    0x00006173      0x7a2 ./Core/Src/system_stm32f4xx.o
 .debug_line    0x00006915      0x7f3 ./Core/Src/usart.o
 .debug_line    0x00007108       0x7a ./Core/Startup/startup_stm32f407ighx.o
 .debug_line    0x00007182      0xa1e ./Drivers/STM32F4xx_HAL_Driver/Src/stm32f4xx_hal.o
 .debug_line    0x00007ba0     0x11dd ./Drivers/STM32F4xx_HAL_Driver/Src/stm32f4xx_hal_can.o
 .debug_line    0x00008d7d      0xcee ./Drivers/STM32F4xx_HAL_Driver/Src/stm32f4xx_hal_cortex.o
 .debug_line    0x00009a6b      0xf8a ./Drivers/STM32F4xx_HAL_Driver/Src/stm32f4xx_hal_dma.o
 .debug_line    0x0000a9f5      0xb76 ./Drivers/STM32F4xx_HAL_Driver/Src/stm32f4xx_hal_gpio.o
 .debug_line    0x0000b56b      0xe2b ./Drivers/STM32F4xx_HAL_Driver/Src/stm32f4xx_hal_rcc.o
 .debug_line    0x0000c396     0x2566 ./Drivers/STM32F4xx_HAL_Driver/Src/stm32f4xx_hal_uart.o

.debug_str      0x00000000    0xc62a0
 .debug_str     0x00000000    0xc62a0 ./Core/Src/alg_pid.o
                               0x3eea (size before relaxing)
 .debug_str     0x000c62a0    0xbf99e ./Core/Src/can.o
 .debug_str     0x000c62a0    0xbf00a ./Core/Src/cfg_pid_params.o
 .debug_str     0x000c62a0    0xbf5e2 ./Core/Src/dma.o
 .debug_str     0x000c62a0    0xbfa49 ./Core/Src/drv_can.o
 .debug_str     0x000c62a0    0xbf581 ./Core/Src/drv_uart.o
 .debug_str     0x000c62a0    0xc32ae ./Core/Src/dvc_motor.o
 .debug_str     0x000c62a0    0xbf718 ./Core/Src/dvc_motor_config.o
 .debug_str     0x000c62a0    0xbf190 ./Core/Src/gpio.o
 .debug_str     0x000c62a0    0xbfc17 ./Core/Src/main.o
 .debug_str     0x000c62a0    0xbf0c5 ./Core/Src/stm32f4xx_hal_msp.o
 .debug_str     0x000c62a0    0xbf82e ./Core/Src/stm32f4xx_it.o
 .debug_str     0x000c62a0    0xbf0f1 ./Core/Src/system_stm32f4xx.o
 .debug_str     0x000c62a0    0xbfbbb ./Core/Src/usart.o
 .debug_str     0x000c62a0       0x92 ./Core/Startup/startup_stm32f407ighx.o
 .debug_str     0x000c62a0    0xbfc75 ./Drivers/STM32F4xx_HAL_Driver/Src/stm32f4xx_hal.o
 .debug_str     0x000c62a0    0xbf7eb ./Drivers/STM32F4xx_HAL_Driver/Src/stm32f4xx_hal_can.o
 .debug_str     0x000c62a0    0xbf9f1 ./Drivers/STM32F4xx_HAL_Driver/Src/stm32f4xx_hal_cortex.o
 .debug_str     0x000c62a0    0xbf50b ./Drivers/STM32F4xx_HAL_Driver/Src/stm32f4xx_hal_dma.o
 .debug_str     0x000c62a0    0xbf26c ./Drivers/STM32F4xx_HAL_Driver/Src/stm32f4xx_hal_gpio.o
 .debug_str     0x000c62a0    0xbf525 ./Drivers/STM32F4xx_HAL_Driver/Src/stm32f4xx_hal_rcc.o
 .debug_str     0x000c62a0    0xbfb06 ./Drivers/STM32F4xx_HAL_Driver/Src/stm32f4xx_hal_uart.o

.comment        0x00000000       0x43
 .comment       0x00000000       0x43 ./Core/Src/alg_pid.o
                                 0x44 (size before relaxing)
 .comment       0x00000043       0x44 ./Core/Src/can.o
 .comment       0x00000043       0x44 ./Core/Src/cfg_pid_params.o
 .comment       0x00000043       0x44 ./Core/Src/dma.o
 .comment       0x00000043       0x44 ./Core/Src/drv_can.o
 .comment       0x00000043       0x44 ./Core/Src/drv_uart.o
 .comment       0x00000043       0x44 ./Core/Src/dvc_motor.o
 .comment       0x00000043       0x44 ./Core/Src/dvc_motor_config.o
 .comment       0x00000043       0x44 ./Core/Src/gpio.o
 .comment       0x00000043       0x44 ./Core/Src/main.o
 .comment       0x00000043       0x44 ./Core/Src/stm32f4xx_hal_msp.o
 .comment       0x00000043       0x44 ./Core/Src/stm32f4xx_it.o
 .comment       0x00000043       0x44 ./Core/Src/system_stm32f4xx.o
 .comment       0x00000043       0x44 ./Core/Src/usart.o
 .comment       0x00000043       0x44 ./Drivers/STM32F4xx_HAL_Driver/Src/stm32f4xx_hal.o
 .comment       0x00000043       0x44 ./Drivers/STM32F4xx_HAL_Driver/Src/stm32f4xx_hal_can.o
 .comment       0x00000043       0x44 ./Drivers/STM32F4xx_HAL_Driver/Src/stm32f4xx_hal_cortex.o
 .comment       0x00000043       0x44 ./Drivers/STM32F4xx_HAL_Driver/Src/stm32f4xx_hal_dma.o
 .comment       0x00000043       0x44 ./Drivers/STM32F4xx_HAL_Driver/Src/stm32f4xx_hal_gpio.o
 .comment       0x00000043       0x44 ./Drivers/STM32F4xx_HAL_Driver/Src/stm32f4xx_hal_rcc.o
 .comment       0x00000043       0x44 ./Drivers/STM32F4xx_HAL_Driver/Src/stm32f4xx_hal_uart.o

.debug_frame    0x00000000     0x2818
 .debug_frame   0x00000000      0x128 ./Core/Src/alg_pid.o
 .debug_frame   0x00000128       0x90 ./Core/Src/can.o
 .debug_frame   0x000001b8       0x34 ./Core/Src/dma.o
 .debug_frame   0x000001ec       0xc8 ./Core/Src/drv_can.o
 .debug_frame   0x000002b4       0x98 ./Core/Src/drv_uart.o
 .debug_frame   0x0000034c      0x37c ./Core/Src/dvc_motor.o
 .debug_frame   0x000006c8       0x38 ./Core/Src/dvc_motor_config.o
 .debug_frame   0x00000700       0x34 ./Core/Src/gpio.o
 .debug_frame   0x00000734       0x6c ./Core/Src/main.o
 .debug_frame   0x000007a0       0x38 ./Core/Src/stm32f4xx_hal_msp.o
 .debug_frame   0x000007d8      0x1c8 ./Core/Src/stm32f4xx_it.o
 .debug_frame   0x000009a0       0x58 ./Core/Src/system_stm32f4xx.o
 .debug_frame   0x000009f8       0x74 ./Core/Src/usart.o
 .debug_frame   0x00000a6c      0x374 ./Drivers/STM32F4xx_HAL_Driver/Src/stm32f4xx_hal.o
 .debug_frame   0x00000de0      0x5a0 ./Drivers/STM32F4xx_HAL_Driver/Src/stm32f4xx_hal_can.o
 .debug_frame   0x00001380      0x508 ./Drivers/STM32F4xx_HAL_Driver/Src/stm32f4xx_hal_cortex.o
 .debug_frame   0x00001888      0x250 ./Drivers/STM32F4xx_HAL_Driver/Src/stm32f4xx_hal_dma.o
 .debug_frame   0x00001ad8      0x14c ./Drivers/STM32F4xx_HAL_Driver/Src/stm32f4xx_hal_gpio.o
 .debug_frame   0x00001c24      0x1f4 ./Drivers/STM32F4xx_HAL_Driver/Src/stm32f4xx_hal_rcc.o
 .debug_frame   0x00001e18      0x954 ./Drivers/STM32F4xx_HAL_Driver/Src/stm32f4xx_hal_uart.o
 .debug_frame   0x0000276c       0x20 C:/ST/STM32CubeIDE_1.19.0/STM32CubeIDE/plugins/com.st.stm32cube.ide.mcu.externaltools.gnu-tools-for-stm32.13.3.rel1.win32_1.0.0.202411081344/tools/bin/../lib/gcc/arm-none-eabi/13.3.1/../../../../arm-none-eabi/lib/thumb/v7e-m+fp/hard\libc_nano.a(libc_a-memset.o)
 .debug_frame   0x0000278c       0x2c C:/ST/STM32CubeIDE_1.19.0/STM32CubeIDE/plugins/com.st.stm32cube.ide.mcu.externaltools.gnu-tools-for-stm32.13.3.rel1.win32_1.0.0.202411081344/tools/bin/../lib/gcc/arm-none-eabi/13.3.1/../../../../arm-none-eabi/lib/thumb/v7e-m+fp/hard\libc_nano.a(libc_a-init.o)
 .debug_frame   0x000027b8       0x2c C:/ST/STM32CubeIDE_1.19.0/STM32CubeIDE/plugins/com.st.stm32cube.ide.mcu.externaltools.gnu-tools-for-stm32.13.3.rel1.win32_1.0.0.202411081344/tools/bin/../lib/gcc/arm-none-eabi/13.3.1/thumb/v7e-m+fp/hard\libgcc.a(_aeabi_uldivmod.o)
 .debug_frame   0x000027e4       0x34 C:/ST/STM32CubeIDE_1.19.0/STM32CubeIDE/plugins/com.st.stm32cube.ide.mcu.externaltools.gnu-tools-for-stm32.13.3.rel1.win32_1.0.0.202411081344/tools/bin/../lib/gcc/arm-none-eabi/13.3.1/thumb/v7e-m+fp/hard\libgcc.a(_udivmoddi4.o)

.debug_line_str
                0x00000000       0x76
 .debug_line_str
                0x00000000       0x76 ./Core/Startup/startup_stm32f407ighx.o
